> Task :compileJava UP-TO-DATE
> Task :processResources UP-TO-DATE
> Task :classes UP-TO-DATE
> Task :compileTestJava UP-TO-DATE
> Task :processTestResources UP-TO-DATE
> Task :testClasses UP-TO-DATE

> Task :test

ProductGraphqlTest > shouldCreateAndSearchProductWithDynamicAttributes() FAILED
    java.lang.IllegalStateException at DefaultCacheAwareContextLoaderDelegate.java:180
        Caused by: org.springframework.beans.factory.BeanCreationException at AbstractAutowireCapableBeanFactory.java:1826
            Caused by: jakarta.persistence.PersistenceException at AbstractEntityManagerFactoryBean.java:431
                Caused by: org.hibernate.search.util.common.SearchException at RootFailureCollector.java:67

.\gradlew.bat : 
At line:1 char:1
+ .\gradlew.bat test --tests com.example.graphql.ProductGraphqlTest > t ...
+ ~~~~~~~~~~~~~~~~~~~~~~~~~~~~~~~~~~~~~~~~~~~~~~~~~~~~~~~~~~~~~~~~~~~~~
    + CategoryInfo          : NotSpecified: (:String) [], RemoteException
    + FullyQualifiedErrorId : NativeCommandError
 
1 test completed, 1 failed
> Task :test FAILED

FAILURE: Build failed with an exception.

* What went wrong:
Execution failed for task ':test'.
> There were failing tests. See the report at: 
file:///C:/Projects/vscode/graphql-search/build/reports/tests/test/index.html

* Try:
> Run with --scan to generate a Build Scan (powered by Develocity).

BUILD FAILED in 15s
5 actionable tasks: 1 executed, 4 up-to-date
